.\venv\Scripts\pytho
n.exe : 
At line:1 char:1
+ .\venv\Scripts\pyt
hon.exe -c "import 
traceback; from 
model import pre ...
+ ~~~~~~~~~~~~~~~~~~
~~~~~~~~~~~~~~~~~~~~
~~~~~~~~~~~~~~~~~~~~
~~~~~~~~~~~
    + CategoryInfo  
            : NotS  
  pecified: (:Str   
 ing) [], Remote    
Exception
    + FullyQualifie 
   dErrorId : Nati  
  veCommandError
 
A module that was 
compiled using 
NumPy 1.x cannot be 
run in
NumPy 2.4.3 as it 
may crash. To 
support both 1.x 
and 2.x
versions of NumPy, 
modules must be 
compiled with NumPy 
2.0.
Some module may 
need to rebuild 
instead e.g. with 
'pybind11>=2.12'.

If you are a user 
of the module, the 
easiest solution 
will be to
downgrade to 
'numpy<2' or try to 
upgrade the 
affected module.
We expect that some 
modules will need 
time to support 
NumPy 2.

Traceback (most 
recent call last):  
File "<string>", 
line 1, in <module>
  File "D:\WEB 
SECURD SOFT\vyntrix-
intelligence\backend
\model.py", line 1, 
in <module>
    import torch
  File "D:\WEB 
SECURD SOFT\vyntrix-
intelligence\backend
\venv\Lib\site-packa
ges\torch\__init__.p
y", line 1477, in 
<module>
    from 
.functional import 
*  # noqa: F403
  File "D:\WEB 
SECURD SOFT\vyntrix-
intelligence\backend
\venv\Lib\site-packa
ges\torch\functional
.py", line 9, in 
<module>
    import 
torch.nn.functional 
as F
  File "D:\WEB 
SECURD SOFT\vyntrix-
intelligence\backend
\venv\Lib\site-packa
ges\torch\nn\__init_
_.py", line 1, in 
<module>
    from .modules 
import *  # noqa: 
F403
  File "D:\WEB 
SECURD SOFT\vyntrix-
intelligence\backend
\venv\Lib\site-packa
ges\torch\nn\modules
\__init__.py", line 
35, in <module>
    from 
.transformer import 
TransformerEncoder, 
TransformerDecoder, 
\
  File "D:\WEB 
SECURD SOFT\vyntrix-
intelligence\backend
\venv\Lib\site-packa
ges\torch\nn\modules
\transformer.py", 
line 20, in <module>
    device: 
torch.device = torch
.device(torch._C._ge
t_default_device()),
  # 
torch.device('cpu'),
D:\WEB SECURD SOFT\v
yntrix-intelligence\
backend\venv\Lib\sit
e-packages\torch\nn\
modules\transformer.
py:20: UserWarning: 
Failed to 
initialize NumPy: 
_ARRAY_API not 
found (Triggered 
internally at ..\tor
ch\csrc\utils\tensor
_numpy.cpp:84.)
  device: 
torch.device = torch
.device(torch._C._ge
t_default_device()),
  # 
torch.device('cpu'),
{'success': False, 'error': 'Numpy is not available'}
